ifx -DDISABLE_FLOAT -DLINK_XDR -DLINK_FFTW -DLINK_NETCDF -I/software/netcdf-fortran/include -I/software/netcdf-c/include -I/cn1/scratch/Git/CAMPARI_qcan/V2.X/V2.1.5/lib/x86_64 -xHOST  -c -O3 -r8 -qoverride-limits -stand f08 -fpp -I/cn1/scratch/Git/CAMPARI_qcan/V2.X/V2.1.5/lib/x86_64 /cn1/scratch/Git/CAMPARI_qcan/V2.X/V2.1.5/source/mod_martin_own.f90 -o /cn1/scratch/Git/CAMPARI_qcan/V2.X/V2.1.5/lib/x86_64/martin_own.o
/bin/mv /cn1/scratch/Git/CAMPARI_qcan/V2.X/V2.1.5/source/martin_own.mod /cn1/scratch/Git/CAMPARI_qcan/V2.X/V2.1.5/lib/x86_64/martin_own.mod
ifx -DDISABLE_FLOAT -DLINK_XDR -DLINK_FFTW -DLINK_NETCDF -I/software/netcdf-fortran/include -I/software/netcdf-c/include -I/cn1/scratch/Git/CAMPARI_qcan/V2.X/V2.1.5/lib/x86_64 -xHOST  -c -O3 -r8 -qoverride-limits -stand f08 -fpp -I/cn1/scratch/Git/CAMPARI_qcan/V2.X/V2.1.5/lib/x86_64 /cn1/scratch/Git/CAMPARI_qcan/V2.X/V2.1.5/source/mod_mini.f90 -o /cn1/scratch/Git/CAMPARI_qcan/V2.X/V2.1.5/lib/x86_64/mini.o
/bin/mv /cn1/scratch/Git/CAMPARI_qcan/V2.X/V2.1.5/source/mini.mod /cn1/scratch/Git/CAMPARI_qcan/V2.X/V2.1.5/lib/x86_64/mini.mod
ifx -DDISABLE_FLOAT -DLINK_XDR -DLINK_FFTW -DLINK_NETCDF -I/software/netcdf-fortran/include -I/software/netcdf-c/include -I/cn1/scratch/Git/CAMPARI_qcan/V2.X/V2.1.5/lib/x86_64 -xHOST  -c -O3 -r8 -qoverride-limits -stand f08 -fpp -I/cn1/scratch/Git/CAMPARI_qcan/V2.X/V2.1.5/lib/x86_64 /cn1/scratch/Git/CAMPARI_qcan/V2.X/V2.1.5/source/chainsaw.f90 -o /cn1/scratch/Git/CAMPARI_qcan/V2.X/V2.1.5/lib/x86_64/chainsaw.o
ifx -DDISABLE_FLOAT -DLINK_XDR -DLINK_FFTW -DLINK_NETCDF -I/software/netcdf-fortran/include -I/software/netcdf-c/include -I/cn1/scratch/Git/CAMPARI_qcan/V2.X/V2.1.5/lib/x86_64 -xHOST  -c -O3 -r8 -qoverride-limits -stand f08 -fpp -I/cn1/scratch/Git/CAMPARI_qcan/V2.X/V2.1.5/lib/x86_64 /cn1/scratch/Git/CAMPARI_qcan/V2.X/V2.1.5/source/mod_interfaces.f90 -o /cn1/scratch/Git/CAMPARI_qcan/V2.X/V2.1.5/lib/x86_64/interfaces.o
/bin/mv /cn1/scratch/Git/CAMPARI_qcan/V2.X/V2.1.5/source/interfaces.mod /cn1/scratch/Git/CAMPARI_qcan/V2.X/V2.1.5/lib/x86_64/interfaces.mod
ifx -DDISABLE_FLOAT -DLINK_XDR -DLINK_FFTW -DLINK_NETCDF -I/software/netcdf-fortran/include -I/software/netcdf-c/include -I/cn1/scratch/Git/CAMPARI_qcan/V2.X/V2.1.5/lib/x86_64 -xHOST  -c -O3 -r8 -qoverride-limits -stand f08 -fpp -I/cn1/scratch/Git/CAMPARI_qcan/V2.X/V2.1.5/lib/x86_64 /cn1/scratch/Git/CAMPARI_qcan/V2.X/V2.1.5/source/clustering.f90 -o /cn1/scratch/Git/CAMPARI_qcan/V2.X/V2.1.5/lib/x86_64/clustering.o
ifx -DDISABLE_FLOAT -DLINK_XDR -DLINK_FFTW -DLINK_NETCDF -I/software/netcdf-fortran/include -I/software/netcdf-c/include -I/cn1/scratch/Git/CAMPARI_qcan/V2.X/V2.1.5/lib/x86_64 -xHOST  -c -O3 -r8 -qoverride-limits -stand f08 -fpp -I/cn1/scratch/Git/CAMPARI_qcan/V2.X/V2.1.5/lib/x86_64 /cn1/scratch/Git/CAMPARI_qcan/V2.X/V2.1.5/source/clustering_utils.f90 -o /cn1/scratch/Git/CAMPARI_qcan/V2.X/V2.1.5/lib/x86_64/clustering_utils.o
ifx -DDISABLE_FLOAT -DLINK_XDR -DLINK_FFTW -DLINK_NETCDF -I/software/netcdf-fortran/include -I/software/netcdf-c/include -I/cn1/scratch/Git/CAMPARI_qcan/V2.X/V2.1.5/lib/x86_64 -xHOST  -c -O3 -r8 -qoverride-limits -stand f08 -fpp -I/cn1/scratch/Git/CAMPARI_qcan/V2.X/V2.1.5/lib/x86_64 /cn1/scratch/Git/CAMPARI_qcan/V2.X/V2.1.5/source/mod_ujglobals.f90 -o /cn1/scratch/Git/CAMPARI_qcan/V2.X/V2.1.5/lib/x86_64/ujglobals.o
/bin/mv /cn1/scratch/Git/CAMPARI_qcan/V2.X/V2.1.5/source/ujglobals.mod /cn1/scratch/Git/CAMPARI_qcan/V2.X/V2.1.5/lib/x86_64/ujglobals.mod
ifx -DDISABLE_FLOAT -DLINK_XDR -DLINK_FFTW -DLINK_NETCDF -I/software/netcdf-fortran/include -I/software/netcdf-c/include -I/cn1/scratch/Git/CAMPARI_qcan/V2.X/V2.1.5/lib/x86_64 -xHOST  -c -O3 -r8 -qoverride-limits -stand f08 -fpp -I/cn1/scratch/Git/CAMPARI_qcan/V2.X/V2.1.5/lib/x86_64 /cn1/scratch/Git/CAMPARI_qcan/V2.X/V2.1.5/source/conrot.f90 -o /cn1/scratch/Git/CAMPARI_qcan/V2.X/V2.1.5/lib/x86_64/conrot.o
ifx -DDISABLE_FLOAT -DLINK_XDR -DLINK_FFTW -DLINK_NETCDF -I/software/netcdf-fortran/include -I/software/netcdf-c/include -I/cn1/scratch/Git/CAMPARI_qcan/V2.X/V2.1.5/lib/x86_64 -xHOST  -c -O3 -r8 -qoverride-limits -stand f08 -fpp -I/cn1/scratch/Git/CAMPARI_qcan/V2.X/V2.1.5/lib/x86_64 /cn1/scratch/Git/CAMPARI_qcan/V2.X/V2.1.5/source/constraint_solvers.f90 -o /cn1/scratch/Git/CAMPARI_qcan/V2.X/V2.1.5/lib/x86_64/constraint_solvers.o
ifx -DDISABLE_FLOAT -DLINK_XDR -DLINK_FFTW -DLINK_NETCDF -I/software/netcdf-fortran/include -I/software/netcdf-c/include -I/cn1/scratch/Git/CAMPARI_qcan/V2.X/V2.1.5/lib/x86_64 -xHOST  -c -O3 -r8 -qoverride-limits -stand f08 -fpp -I/cn1/scratch/Git/CAMPARI_qcan/V2.X/V2.1.5/lib/x86_64 /cn1/scratch/Git/CAMPARI_qcan/V2.X/V2.1.5/source/dssp.f90 -o /cn1/scratch/Git/CAMPARI_qcan/V2.X/V2.1.5/lib/x86_64/dssp.o
ifx -DDISABLE_FLOAT -DLINK_XDR -DLINK_FFTW -DLINK_NETCDF -I/software/netcdf-fortran/include -I/software/netcdf-c/include -I/cn1/scratch/Git/CAMPARI_qcan/V2.X/V2.1.5/lib/x86_64 -xHOST  -c -O3 -r8 -qoverride-limits -stand f08 -fpp -I/cn1/scratch/Git/CAMPARI_qcan/V2.X/V2.1.5/lib/x86_64 /cn1/scratch/Git/CAMPARI_qcan/V2.X/V2.1.5/source/emicroscopy.f90 -o /cn1/scratch/Git/CAMPARI_qcan/V2.X/V2.1.5/lib/x86_64/emicroscopy.o
ifx -DDISABLE_FLOAT -DLINK_XDR -DLINK_FFTW -DLINK_NETCDF -I/software/netcdf-fortran/include -I/software/netcdf-c/include -I/cn1/scratch/Git/CAMPARI_qcan/V2.X/V2.1.5/lib/x86_64 -xHOST  -c -O3 -r8 -qoverride-limits -stand f08 -fpp -I/cn1/scratch/Git/CAMPARI_qcan/V2.X/V2.1.5/lib/x86_64 /cn1/scratch/Git/CAMPARI_qcan/V2.X/V2.1.5/source/energy.f90 -o /cn1/scratch/Git/CAMPARI_qcan/V2.X/V2.1.5/lib/x86_64/energy.o
ifx -DDISABLE_FLOAT -DLINK_XDR -DLINK_FFTW -DLINK_NETCDF -I/software/netcdf-fortran/include -I/software/netcdf-c/include -I/cn1/scratch/Git/CAMPARI_qcan/V2.X/V2.1.5/lib/x86_64 -xHOST  -c -O3 -r8 -qoverride-limits -stand f08 -fpp -I/cn1/scratch/Git/CAMPARI_qcan/V2.X/V2.1.5/lib/x86_64 /cn1/scratch/Git/CAMPARI_qcan/V2.X/V2.1.5/source/energy_wrap.f90 -o /cn1/scratch/Git/CAMPARI_qcan/V2.X/V2.1.5/lib/x86_64/energy_wrap.o
ifx -DDISABLE_FLOAT -DLINK_XDR -DLINK_FFTW -DLINK_NETCDF -I/software/netcdf-fortran/include -I/software/netcdf-c/include -I/cn1/scratch/Git/CAMPARI_qcan/V2.X/V2.1.5/lib/x86_64 -xHOST  -c -O3 -r8 -qoverride-limits -stand f08 -fpp -I/cn1/scratch/Git/CAMPARI_qcan/V2.X/V2.1.5/lib/x86_64 /cn1/scratch/Git/CAMPARI_qcan/V2.X/V2.1.5/source/ensemble.f90 -o /cn1/scratch/Git/CAMPARI_qcan/V2.X/V2.1.5/lib/x86_64/ensemble.o
ifx -DDISABLE_FLOAT -DLINK_XDR -DLINK_FFTW -DLINK_NETCDF -I/software/netcdf-fortran/include -I/software/netcdf-c/include -I/cn1/scratch/Git/CAMPARI_qcan/V2.X/V2.1.5/lib/x86_64 -xHOST  -c -O3 -r8 -qoverride-limits -stand f08 -fpp -I/cn1/scratch/Git/CAMPARI_qcan/V2.X/V2.1.5/lib/x86_64 /cn1/scratch/Git/CAMPARI_qcan/V2.X/V2.1.5/source/ewald.f90 -o /cn1/scratch/Git/CAMPARI_qcan/V2.X/V2.1.5/lib/x86_64/ewald.o
ifx -DDISABLE_FLOAT -DLINK_XDR -DLINK_FFTW -DLINK_NETCDF -I/software/netcdf-fortran/include -I/software/netcdf-c/include -I/cn1/scratch/Git/CAMPARI_qcan/V2.X/V2.1.5/lib/x86_64 -xHOST  -c -O3 -r8 -qoverride-limits -stand f08 -fpp -I/cn1/scratch/Git/CAMPARI_qcan/V2.X/V2.1.5/lib/x86_64 /cn1/scratch/Git/CAMPARI_qcan/V2.X/V2.1.5/source/flow.f90 -o /cn1/scratch/Git/CAMPARI_qcan/V2.X/V2.1.5/lib/x86_64/flow.o
ifx -DDISABLE_FLOAT -DLINK_XDR -DLINK_FFTW -DLINK_NETCDF -I/software/netcdf-fortran/include -I/software/netcdf-c/include -I/cn1/scratch/Git/CAMPARI_qcan/V2.X/V2.1.5/lib/x86_64 -xHOST  -c -O3 -r8 -qoverride-limits -stand f08 -fpp -I/cn1/scratch/Git/CAMPARI_qcan/V2.X/V2.1.5/lib/x86_64 /cn1/scratch/Git/CAMPARI_qcan/V2.X/V2.1.5/source/fmcscgrid.f90 -o /cn1/scratch/Git/CAMPARI_qcan/V2.X/V2.1.5/lib/x86_64/fmcscgrid.o
ifx -DDISABLE_FLOAT -DLINK_XDR -DLINK_FFTW -DLINK_NETCDF -I/software/netcdf-fortran/include -I/software/netcdf-c/include -I/cn1/scratch/Git/CAMPARI_qcan/V2.X/V2.1.5/lib/x86_64 -xHOST  -c -O3 -r8 -qoverride-limits -stand f08 -fpp -I/cn1/scratch/Git/CAMPARI_qcan/V2.X/V2.1.5/lib/x86_64 /cn1/scratch/Git/CAMPARI_qcan/V2.X/V2.1.5/source/fmsmcmpi.f90 -o /cn1/scratch/Git/CAMPARI_qcan/V2.X/V2.1.5/lib/x86_64/fmsmcmpi.o
ifx -DDISABLE_FLOAT -DLINK_XDR -DLINK_FFTW -DLINK_NETCDF -I/software/netcdf-fortran/include -I/software/netcdf-c/include -I/cn1/scratch/Git/CAMPARI_qcan/V2.X/V2.1.5/lib/x86_64 -xHOST  -c -O3 -r8 -qoverride-limits -stand f08 -fpp -I/cn1/scratch/Git/CAMPARI_qcan/V2.X/V2.1.5/lib/x86_64 /cn1/scratch/Git/CAMPARI_qcan/V2.X/V2.1.5/source/force.f90 -o /cn1/scratch/Git/CAMPARI_qcan/V2.X/V2.1.5/lib/x86_64/force.o
ifx -DDISABLE_FLOAT -DLINK_XDR -DLINK_FFTW -DLINK_NETCDF -I/software/netcdf-fortran/include -I/software/netcdf-c/include -I/cn1/scratch/Git/CAMPARI_qcan/V2.X/V2.1.5/lib/x86_64 -xHOST  -c -O3 -r8 -qoverride-limits -stand f08 -fpp -I/cn1/scratch/Git/CAMPARI_qcan/V2.X/V2.1.5/lib/x86_64 /cn1/scratch/Git/CAMPARI_qcan/V2.X/V2.1.5/source/force_wrap.f90 -o /cn1/scratch/Git/CAMPARI_qcan/V2.X/V2.1.5/lib/x86_64/force_wrap.o
ifx -DDISABLE_FLOAT -DLINK_XDR -DLINK_FFTW -DLINK_NETCDF -I/software/netcdf-fortran/include -I/software/netcdf-c/include -I/cn1/scratch/Git/CAMPARI_qcan/V2.X/V2.1.5/lib/x86_64 -xHOST  -c -O3 -r8 -qoverride-limits -stand f08 -fpp -I/cn1/scratch/Git/CAMPARI_qcan/V2.X/V2.1.5/lib/x86_64 /cn1/scratch/Git/CAMPARI_qcan/V2.X/V2.1.5/source/fyczmat.f90 -o /cn1/scratch/Git/CAMPARI_qcan/V2.X/V2.1.5/lib/x86_64/fyczmat.o
ifx -DDISABLE_FLOAT -DLINK_XDR -DLINK_FFTW -DLINK_NETCDF -I/software/netcdf-fortran/include -I/software/netcdf-c/include -I/cn1/scratch/Git/CAMPARI_qcan/V2.X/V2.1.5/lib/x86_64 -xHOST  -c -O3 -r8 -qoverride-limits -stand f08 -fpp -I/cn1/scratch/Git/CAMPARI_qcan/V2.X/V2.1.5/lib/x86_64 /cn1/scratch/Git/CAMPARI_qcan/V2.X/V2.1.5/source/getkey.f90 -o /cn1/scratch/Git/CAMPARI_qcan/V2.X/V2.1.5/lib/x86_64/getkey.o
ifx -DDISABLE_FLOAT -DLINK_XDR -DLINK_FFTW -DLINK_NETCDF -I/software/netcdf-fortran/include -I/software/netcdf-c/include -I/cn1/scratch/Git/CAMPARI_qcan/V2.X/V2.1.5/lib/x86_64 -xHOST  -c -O3 -r8 -qoverride-limits -stand f08 -fpp -I/cn1/scratch/Git/CAMPARI_qcan/V2.X/V2.1.5/lib/x86_64 /cn1/scratch/Git/CAMPARI_qcan/V2.X/V2.1.5/source/graph_algorithms.f90 -o /cn1/scratch/Git/CAMPARI_qcan/V2.X/V2.1.5/lib/x86_64/graph_algorithms.o
ifx -DDISABLE_FLOAT -DLINK_XDR -DLINK_FFTW -DLINK_NETCDF -I/software/netcdf-fortran/include -I/software/netcdf-c/include -I/cn1/scratch/Git/CAMPARI_qcan/V2.X/V2.1.5/lib/x86_64 -xHOST  -c -O3 -r8 -qoverride-limits -stand f08 -fpp -I/cn1/scratch/Git/CAMPARI_qcan/V2.X/V2.1.5/lib/x86_64 /cn1/scratch/Git/CAMPARI_qcan/V2.X/V2.1.5/source/holes.f90 -o /cn1/scratch/Git/CAMPARI_qcan/V2.X/V2.1.5/lib/x86_64/holes.o
ifx -DDISABLE_FLOAT -DLINK_XDR -DLINK_FFTW -DLINK_NETCDF -I/software/netcdf-fortran/include -I/software/netcdf-c/include -I/cn1/scratch/Git/CAMPARI_qcan/V2.X/V2.1.5/lib/x86_64 -xHOST  -c -O3 -r8 -qoverride-limits -stand f08 -fpp -I/cn1/scratch/Git/CAMPARI_qcan/V2.X/V2.1.5/lib/x86_64 /cn1/scratch/Git/CAMPARI_qcan/V2.X/V2.1.5/source/initial.f90 -o /cn1/scratch/Git/CAMPARI_qcan/V2.X/V2.1.5/lib/x86_64/initial.o
ifx -DDISABLE_FLOAT -DLINK_XDR -DLINK_FFTW -DLINK_NETCDF -I/software/netcdf-fortran/include -I/software/netcdf-c/include -I/cn1/scratch/Git/CAMPARI_qcan/V2.X/V2.1.5/lib/x86_64 -xHOST  -c -O3 -r8 -qoverride-limits -stand f08 -fpp -I/cn1/scratch/Git/CAMPARI_qcan/V2.X/V2.1.5/lib/x86_64 /cn1/scratch/Git/CAMPARI_qcan/V2.X/V2.1.5/source/inner_loops.f90 -o /cn1/scratch/Git/CAMPARI_qcan/V2.X/V2.1.5/lib/x86_64/inner_loops.o
ifx -DDISABLE_FLOAT -DLINK_XDR -DLINK_FFTW -DLINK_NETCDF -I/software/netcdf-fortran/include -I/software/netcdf-c/include -I/cn1/scratch/Git/CAMPARI_qcan/V2.X/V2.1.5/lib/x86_64 -xHOST  -c -O3 -r8 -qoverride-limits -stand f08 -fpp -I/cn1/scratch/Git/CAMPARI_qcan/V2.X/V2.1.5/lib/x86_64 /cn1/scratch/Git/CAMPARI_qcan/V2.X/V2.1.5/source/inner_loops_en.f90 -o /cn1/scratch/Git/CAMPARI_qcan/V2.X/V2.1.5/lib/x86_64/inner_loops_en.o
ifx -DDISABLE_FLOAT -DLINK_XDR -DLINK_FFTW -DLINK_NETCDF -I/software/netcdf-fortran/include -I/software/netcdf-c/include -I/cn1/scratch/Git/CAMPARI_qcan/V2.X/V2.1.5/lib/x86_64 -xHOST  -c -O3 -r8 -qoverride-limits -stand f08 -fpp -I/cn1/scratch/Git/CAMPARI_qcan/V2.X/V2.1.5/lib/x86_64 /cn1/scratch/Git/CAMPARI_qcan/V2.X/V2.1.5/source/inner_loops_imp.f90 -o /cn1/scratch/Git/CAMPARI_qcan/V2.X/V2.1.5/lib/x86_64/inner_loops_imp.o
ifx -DDISABLE_FLOAT -DLINK_XDR -DLINK_FFTW -DLINK_NETCDF -I/software/netcdf-fortran/include -I/software/netcdf-c/include -I/cn1/scratch/Git/CAMPARI_qcan/V2.X/V2.1.5/lib/x86_64 -xHOST  -c -O3 -r8 -qoverride-limits -stand f08 -fpp -I/cn1/scratch/Git/CAMPARI_qcan/V2.X/V2.1.5/lib/x86_64 /cn1/scratch/Git/CAMPARI_qcan/V2.X/V2.1.5/source/intmd.f90 -o /cn1/scratch/Git/CAMPARI_qcan/V2.X/V2.1.5/lib/x86_64/intmd.o
ifx -DDISABLE_FLOAT -DLINK_XDR -DLINK_FFTW -DLINK_NETCDF -I/software/netcdf-fortran/include -I/software/netcdf-c/include -I/cn1/scratch/Git/CAMPARI_qcan/V2.X/V2.1.5/lib/x86_64 -xHOST  -c -O3 -r8 -qoverride-limits -stand f08 -fpp -I/cn1/scratch/Git/CAMPARI_qcan/V2.X/V2.1.5/lib/x86_64 /cn1/scratch/Git/CAMPARI_qcan/V2.X/V2.1.5/source/intld.f90 -o /cn1/scratch/Git/CAMPARI_qcan/V2.X/V2.1.5/lib/x86_64/intld.o
ifx -DDISABLE_FLOAT -DLINK_XDR -DLINK_FFTW -DLINK_NETCDF -I/software/netcdf-fortran/include -I/software/netcdf-c/include -I/cn1/scratch/Git/CAMPARI_qcan/V2.X/V2.1.5/lib/x86_64 -xHOST  -c -O3 -r8 -qoverride-limits -stand f08 -fpp -I/cn1/scratch/Git/CAMPARI_qcan/V2.X/V2.1.5/lib/x86_64 /cn1/scratch/Git/CAMPARI_qcan/V2.X/V2.1.5/source/makeio.f90 -o /cn1/scratch/Git/CAMPARI_qcan/V2.X/V2.1.5/lib/x86_64/makeio.o
ifx -DDISABLE_FLOAT -DLINK_XDR -DLINK_FFTW -DLINK_NETCDF -I/software/netcdf-fortran/include -I/software/netcdf-c/include -I/cn1/scratch/Git/CAMPARI_qcan/V2.X/V2.1.5/lib/x86_64 -xHOST  -c -O3 -r8 -qoverride-limits -stand f08 -fpp -I/cn1/scratch/Git/CAMPARI_qcan/V2.X/V2.1.5/lib/x86_64 /cn1/scratch/Git/CAMPARI_qcan/V2.X/V2.1.5/source/makepept.f90 -o /cn1/scratch/Git/CAMPARI_qcan/V2.X/V2.1.5/lib/x86_64/makepept.o
ifx -DDISABLE_FLOAT -DLINK_XDR -DLINK_FFTW -DLINK_NETCDF -I/software/netcdf-fortran/include -I/software/netcdf-c/include -I/cn1/scratch/Git/CAMPARI_qcan/V2.X/V2.1.5/lib/x86_64 -xHOST  -c -O3 -r8 -qoverride-limits -stand f08 -fpp -I/cn1/scratch/Git/CAMPARI_qcan/V2.X/V2.1.5/lib/x86_64 /cn1/scratch/Git/CAMPARI_qcan/V2.X/V2.1.5/source/math_utils.f90 -o /cn1/scratch/Git/CAMPARI_qcan/V2.X/V2.1.5/lib/x86_64/math_utils.o
ifx -DDISABLE_FLOAT -DLINK_XDR -DLINK_FFTW -DLINK_NETCDF -I/software/netcdf-fortran/include -I/software/netcdf-c/include -I/cn1/scratch/Git/CAMPARI_qcan/V2.X/V2.1.5/lib/x86_64 -xHOST  -c -O3 -r8 -qoverride-limits -stand f08 -fpp -I/cn1/scratch/Git/CAMPARI_qcan/V2.X/V2.1.5/lib/x86_64 /cn1/scratch/Git/CAMPARI_qcan/V2.X/V2.1.5/source/mcmove.f90 -o /cn1/scratch/Git/CAMPARI_qcan/V2.X/V2.1.5/lib/x86_64/mcmove.o
ifx -DDISABLE_FLOAT -DLINK_XDR -DLINK_FFTW -DLINK_NETCDF -I/software/netcdf-fortran/include -I/software/netcdf-c/include -I/cn1/scratch/Git/CAMPARI_qcan/V2.X/V2.1.5/lib/x86_64 -xHOST  -c -O3 -r8 -qoverride-limits -stand f08 -fpp -I/cn1/scratch/Git/CAMPARI_qcan/V2.X/V2.1.5/lib/x86_64 /cn1/scratch/Git/CAMPARI_qcan/V2.X/V2.1.5/source/mcstat.f90 -o /cn1/scratch/Git/CAMPARI_qcan/V2.X/V2.1.5/lib/x86_64/mcstat.o
ifx -DDISABLE_FLOAT -DLINK_XDR -DLINK_FFTW -DLINK_NETCDF -I/software/netcdf-fortran/include -I/software/netcdf-c/include -I/cn1/scratch/Git/CAMPARI_qcan/V2.X/V2.1.5/lib/x86_64 -xHOST  -c -O3 -r8 -qoverride-limits -stand f08 -fpp -I/cn1/scratch/Git/CAMPARI_qcan/V2.X/V2.1.5/lib/x86_64 /cn1/scratch/Git/CAMPARI_qcan/V2.X/V2.1.5/source/minimize.f90 -o /cn1/scratch/Git/CAMPARI_qcan/V2.X/V2.1.5/lib/x86_64/minimize.o
ifx -DDISABLE_FLOAT -DLINK_XDR -DLINK_FFTW -DLINK_NETCDF -I/software/netcdf-fortran/include -I/software/netcdf-c/include -I/cn1/scratch/Git/CAMPARI_qcan/V2.X/V2.1.5/lib/x86_64 -xHOST  -c -O3 -r8 -qoverride-limits -stand f08 -fpp -I/cn1/scratch/Git/CAMPARI_qcan/V2.X/V2.1.5/lib/x86_64 /cn1/scratch/Git/CAMPARI_qcan/V2.X/V2.1.5/source/nucconrot.f90 -o /cn1/scratch/Git/CAMPARI_qcan/V2.X/V2.1.5/lib/x86_64/nucconrot.o
ifx -DDISABLE_FLOAT -DLINK_XDR -DLINK_FFTW -DLINK_NETCDF -I/software/netcdf-fortran/include -I/software/netcdf-c/include -I/cn1/scratch/Git/CAMPARI_qcan/V2.X/V2.1.5/lib/x86_64 -xHOST  -c -O3 -r8 -qoverride-limits -stand f08 -fpp -I/cn1/scratch/Git/CAMPARI_qcan/V2.X/V2.1.5/lib/x86_64 /cn1/scratch/Git/CAMPARI_qcan/V2.X/V2.1.5/source/parsefiles.f90 -o /cn1/scratch/Git/CAMPARI_qcan/V2.X/V2.1.5/lib/x86_64/parsefiles.o
ifx -DDISABLE_FLOAT -DLINK_XDR -DLINK_FFTW -DLINK_NETCDF -I/software/netcdf-fortran/include -I/software/netcdf-c/include -I/cn1/scratch/Git/CAMPARI_qcan/V2.X/V2.1.5/lib/x86_64 -xHOST  -c -O3 -r8 -qoverride-limits -stand f08 -fpp -I/cn1/scratch/Git/CAMPARI_qcan/V2.X/V2.1.5/lib/x86_64 /cn1/scratch/Git/CAMPARI_qcan/V2.X/V2.1.5/source/parsekey.f90 -o /cn1/scratch/Git/CAMPARI_qcan/V2.X/V2.1.5/lib/x86_64/parsekey.o
ifx -DDISABLE_FLOAT -DLINK_XDR -DLINK_FFTW -DLINK_NETCDF -I/software/netcdf-fortran/include -I/software/netcdf-c/include -I/cn1/scratch/Git/CAMPARI_qcan/V2.X/V2.1.5/lib/x86_64 -xHOST  -c -O3 -r8 -qoverride-limits -stand f08 -fpp -I/cn1/scratch/Git/CAMPARI_qcan/V2.X/V2.1.5/lib/x86_64 /cn1/scratch/Git/CAMPARI_qcan/V2.X/V2.1.5/source/particlefluctuation.f90 -o /cn1/scratch/Git/CAMPARI_qcan/V2.X/V2.1.5/lib/x86_64/particlefluctuation.o
ifx -DDISABLE_FLOAT -DLINK_XDR -DLINK_FFTW -DLINK_NETCDF -I/software/netcdf-fortran/include -I/software/netcdf-c/include -I/cn1/scratch/Git/CAMPARI_qcan/V2.X/V2.1.5/lib/x86_64 -xHOST  -c -O3 -r8 -qoverride-limits -stand f08 -fpp -I/cn1/scratch/Git/CAMPARI_qcan/V2.X/V2.1.5/lib/x86_64 /cn1/scratch/Git/CAMPARI_qcan/V2.X/V2.1.5/source/polar.f90 -o /cn1/scratch/Git/CAMPARI_qcan/V2.X/V2.1.5/lib/x86_64/polar.o
ifx -DDISABLE_FLOAT -DLINK_XDR -DLINK_FFTW -DLINK_NETCDF -I/software/netcdf-fortran/include -I/software/netcdf-c/include -I/cn1/scratch/Git/CAMPARI_qcan/V2.X/V2.1.5/lib/x86_64 -xHOST  -c -O3 -r8 -qoverride-limits -stand f08 -fpp -I/cn1/scratch/Git/CAMPARI_qcan/V2.X/V2.1.5/lib/x86_64 /cn1/scratch/Git/CAMPARI_qcan/V2.X/V2.1.5/source/polymer.f90 -o /cn1/scratch/Git/CAMPARI_qcan/V2.X/V2.1.5/lib/x86_64/polymer.o
ifx -DDISABLE_FLOAT -DLINK_XDR -DLINK_FFTW -DLINK_NETCDF -I/software/netcdf-fortran/include -I/software/netcdf-c/include -I/cn1/scratch/Git/CAMPARI_qcan/V2.X/V2.1.5/lib/x86_64 -xHOST  -c -O3 -r8 -qoverride-limits -stand f08 -fpp -I/cn1/scratch/Git/CAMPARI_qcan/V2.X/V2.1.5/lib/x86_64 /cn1/scratch/Git/CAMPARI_qcan/V2.X/V2.1.5/source/proteus.f90 -o /cn1/scratch/Git/CAMPARI_qcan/V2.X/V2.1.5/lib/x86_64/proteus.o
ifx -DDISABLE_FLOAT -DLINK_XDR -DLINK_FFTW -DLINK_NETCDF -I/software/netcdf-fortran/include -I/software/netcdf-c/include -I/cn1/scratch/Git/CAMPARI_qcan/V2.X/V2.1.5/lib/x86_64 -xHOST  -c -O3 -r8 -qoverride-limits -stand f08 -fpp -I/cn1/scratch/Git/CAMPARI_qcan/V2.X/V2.1.5/lib/x86_64 /cn1/scratch/Git/CAMPARI_qcan/V2.X/V2.1.5/source/prtpdb.f90 -o /cn1/scratch/Git/CAMPARI_qcan/V2.X/V2.1.5/lib/x86_64/prtpdb.o
ifx -DDISABLE_FLOAT -DLINK_XDR -DLINK_FFTW -DLINK_NETCDF -I/software/netcdf-fortran/include -I/software/netcdf-c/include -I/cn1/scratch/Git/CAMPARI_qcan/V2.X/V2.1.5/lib/x86_64 -xHOST  -c -O3 -r8 -qoverride-limits -stand f08 -fpp -I/cn1/scratch/Git/CAMPARI_qcan/V2.X/V2.1.5/lib/x86_64 /cn1/scratch/Git/CAMPARI_qcan/V2.X/V2.1.5/source/readfyc.f90 -o /cn1/scratch/Git/CAMPARI_qcan/V2.X/V2.1.5/lib/x86_64/readfyc.o
ifx -DDISABLE_FLOAT -DLINK_XDR -DLINK_FFTW -DLINK_NETCDF -I/software/netcdf-fortran/include -I/software/netcdf-c/include -I/cn1/scratch/Git/CAMPARI_qcan/V2.X/V2.1.5/lib/x86_64 -xHOST  -c -O3 -r8 -qoverride-limits -stand f08 -fpp -I/cn1/scratch/Git/CAMPARI_qcan/V2.X/V2.1.5/lib/x86_64 /cn1/scratch/Git/CAMPARI_qcan/V2.X/V2.1.5/source/readgrid.f90 -o /cn1/scratch/Git/CAMPARI_qcan/V2.X/V2.1.5/lib/x86_64/readgrid.o
ifx -DDISABLE_FLOAT -DLINK_XDR -DLINK_FFTW -DLINK_NETCDF -I/software/netcdf-fortran/include -I/software/netcdf-c/include -I/cn1/scratch/Git/CAMPARI_qcan/V2.X/V2.1.5/lib/x86_64 -xHOST  -c -O3 -r8 -qoverride-limits -stand f08 -fpp -I/cn1/scratch/Git/CAMPARI_qcan/V2.X/V2.1.5/lib/x86_64 /cn1/scratch/Git/CAMPARI_qcan/V2.X/V2.1.5/source/readpdb.f90 -o /cn1/scratch/Git/CAMPARI_qcan/V2.X/V2.1.5/lib/x86_64/readpdb.o
ifx -DDISABLE_FLOAT -DLINK_XDR -DLINK_FFTW -DLINK_NETCDF -I/software/netcdf-fortran/include -I/software/netcdf-c/include -I/cn1/scratch/Git/CAMPARI_qcan/V2.X/V2.1.5/lib/x86_64 -xHOST  -c -O3 -r8 -qoverride-limits -stand f08 -fpp -I/cn1/scratch/Git/CAMPARI_qcan/V2.X/V2.1.5/lib/x86_64 /cn1/scratch/Git/CAMPARI_qcan/V2.X/V2.1.5/source/readprm.f90 -o /cn1/scratch/Git/CAMPARI_qcan/V2.X/V2.1.5/lib/x86_64/readprm.o
ifx -DDISABLE_FLOAT -DLINK_XDR -DLINK_FFTW -DLINK_NETCDF -I/software/netcdf-fortran/include -I/software/netcdf-c/include -I/cn1/scratch/Git/CAMPARI_qcan/V2.X/V2.1.5/lib/x86_64 -xHOST  -c -O3 -r8 -qoverride-limits -stand f08 -fpp -I/cn1/scratch/Git/CAMPARI_qcan/V2.X/V2.1.5/lib/x86_64 /cn1/scratch/Git/CAMPARI_qcan/V2.X/V2.1.5/source/restart.f90 -o /cn1/scratch/Git/CAMPARI_qcan/V2.X/V2.1.5/lib/x86_64/restart.o
ifx -DDISABLE_FLOAT -DLINK_XDR -DLINK_FFTW -DLINK_NETCDF -I/software/netcdf-fortran/include -I/software/netcdf-c/include -I/cn1/scratch/Git/CAMPARI_qcan/V2.X/V2.1.5/lib/x86_64 -xHOST  -c -O3 -r8 -qoverride-limits -stand f08 -fpp -I/cn1/scratch/Git/CAMPARI_qcan/V2.X/V2.1.5/lib/x86_64 /cn1/scratch/Git/CAMPARI_qcan/V2.X/V2.1.5/source/rigidmoves.f90 -o /cn1/scratch/Git/CAMPARI_qcan/V2.X/V2.1.5/lib/x86_64/rigidmoves.o
ifx -DDISABLE_FLOAT -DLINK_XDR -DLINK_FFTW -DLINK_NETCDF -I/software/netcdf-fortran/include -I/software/netcdf-c/include -I/cn1/scratch/Git/CAMPARI_qcan/V2.X/V2.1.5/lib/x86_64 -xHOST  -c -O3 -r8 -qoverride-limits -stand f08 -fpp -I/cn1/scratch/Git/CAMPARI_qcan/V2.X/V2.1.5/lib/x86_64 /cn1/scratch/Git/CAMPARI_qcan/V2.X/V2.1.5/source/sanity_checks.f90 -o /cn1/scratch/Git/CAMPARI_qcan/V2.X/V2.1.5/lib/x86_64/sanity_checks.o
ifx -DDISABLE_FLOAT -DLINK_XDR -DLINK_FFTW -DLINK_NETCDF -I/software/netcdf-fortran/include -I/software/netcdf-c/include -I/cn1/scratch/Git/CAMPARI_qcan/V2.X/V2.1.5/lib/x86_64 -xHOST  -c -O3 -r8 -qoverride-limits -stand f08 -fpp -I/cn1/scratch/Git/CAMPARI_qcan/V2.X/V2.1.5/lib/x86_64 /cn1/scratch/Git/CAMPARI_qcan/V2.X/V2.1.5/source/sav.f90 -o /cn1/scratch/Git/CAMPARI_qcan/V2.X/V2.1.5/lib/x86_64/sav.o
ifx -DDISABLE_FLOAT -DLINK_XDR -DLINK_FFTW -DLINK_NETCDF -I/software/netcdf-fortran/include -I/software/netcdf-c/include -I/cn1/scratch/Git/CAMPARI_qcan/V2.X/V2.1.5/lib/x86_64 -xHOST  -c -O3 -r8 -qoverride-limits -stand f08 -fpp -I/cn1/scratch/Git/CAMPARI_qcan/V2.X/V2.1.5/lib/x86_64 /cn1/scratch/Git/CAMPARI_qcan/V2.X/V2.1.5/source/sav_auxil.f90 -o /cn1/scratch/Git/CAMPARI_qcan/V2.X/V2.1.5/lib/x86_64/sav_auxil.o
ifx -DDISABLE_FLOAT -DLINK_XDR -DLINK_FFTW -DLINK_NETCDF -I/software/netcdf-fortran/include -I/software/netcdf-c/include -I/cn1/scratch/Git/CAMPARI_qcan/V2.X/V2.1.5/lib/x86_64 -xHOST  -c -O3 -r8 -qoverride-limits -stand f08 -fpp -I/cn1/scratch/Git/CAMPARI_qcan/V2.X/V2.1.5/lib/x86_64 /cn1/scratch/Git/CAMPARI_qcan/V2.X/V2.1.5/source/setconf.f90 -o /cn1/scratch/Git/CAMPARI_qcan/V2.X/V2.1.5/lib/x86_64/setconf.o
ifx -DDISABLE_FLOAT -DLINK_XDR -DLINK_FFTW -DLINK_NETCDF -I/software/netcdf-fortran/include -I/software/netcdf-c/include -I/cn1/scratch/Git/CAMPARI_qcan/V2.X/V2.1.5/lib/x86_64 -xHOST  -c -O3 -r8 -qoverride-limits -stand f08 -fpp -I/cn1/scratch/Git/CAMPARI_qcan/V2.X/V2.1.5/lib/x86_64 /cn1/scratch/Git/CAMPARI_qcan/V2.X/V2.1.5/source/sidechain.f90 -o /cn1/scratch/Git/CAMPARI_qcan/V2.X/V2.1.5/lib/x86_64/sidechain.o
ifx -DDISABLE_FLOAT -DLINK_XDR -DLINK_FFTW -DLINK_NETCDF -I/software/netcdf-fortran/include -I/software/netcdf-c/include -I/cn1/scratch/Git/CAMPARI_qcan/V2.X/V2.1.5/lib/x86_64 -xHOST  -c -O3 -r8 -qoverride-limits -stand f08 -fpp -I/cn1/scratch/Git/CAMPARI_qcan/V2.X/V2.1.5/lib/x86_64 /cn1/scratch/Git/CAMPARI_qcan/V2.X/V2.1.5/source/string_utils.f90 -o /cn1/scratch/Git/CAMPARI_qcan/V2.X/V2.1.5/lib/x86_64/string_utils.o
ifx -DDISABLE_FLOAT -DLINK_XDR -DLINK_FFTW -DLINK_NETCDF -I/software/netcdf-fortran/include -I/software/netcdf-c/include -I/cn1/scratch/Git/CAMPARI_qcan/V2.X/V2.1.5/lib/x86_64 -xHOST  -c -O3 -r8 -qoverride-limits -stand f08 -fpp -I/cn1/scratch/Git/CAMPARI_qcan/V2.X/V2.1.5/lib/x86_64 /cn1/scratch/Git/CAMPARI_qcan/V2.X/V2.1.5/source/structure.f90 -o /cn1/scratch/Git/CAMPARI_qcan/V2.X/V2.1.5/lib/x86_64/structure.o
ifx -DDISABLE_FLOAT -DLINK_XDR -DLINK_FFTW -DLINK_NETCDF -I/software/netcdf-fortran/include -I/software/netcdf-c/include -I/cn1/scratch/Git/CAMPARI_qcan/V2.X/V2.1.5/lib/x86_64 -xHOST  -c -O3 -r8 -qoverride-limits -stand f08 -fpp -I/cn1/scratch/Git/CAMPARI_qcan/V2.X/V2.1.5/lib/x86_64 /cn1/scratch/Git/CAMPARI_qcan/V2.X/V2.1.5/source/summary.f90 -o /cn1/scratch/Git/CAMPARI_qcan/V2.X/V2.1.5/lib/x86_64/summary.o
ifx -DDISABLE_FLOAT -DLINK_XDR -DLINK_FFTW -DLINK_NETCDF -I/software/netcdf-fortran/include -I/software/netcdf-c/include -I/cn1/scratch/Git/CAMPARI_qcan/V2.X/V2.1.5/lib/x86_64 -xHOST  -c -O3 -r8 -qoverride-limits -stand f08 -fpp -I/cn1/scratch/Git/CAMPARI_qcan/V2.X/V2.1.5/lib/x86_64 /cn1/scratch/Git/CAMPARI_qcan/V2.X/V2.1.5/source/titrate.f90 -o /cn1/scratch/Git/CAMPARI_qcan/V2.X/V2.1.5/lib/x86_64/titrate.o
ifx -DDISABLE_FLOAT -DLINK_XDR -DLINK_FFTW -DLINK_NETCDF -I/software/netcdf-fortran/include -I/software/netcdf-c/include -I/cn1/scratch/Git/CAMPARI_qcan/V2.X/V2.1.5/lib/x86_64 -xHOST  -c -O3 -r8 -qoverride-limits -stand f08 -fpp -I/cn1/scratch/Git/CAMPARI_qcan/V2.X/V2.1.5/lib/x86_64 /cn1/scratch/Git/CAMPARI_qcan/V2.X/V2.1.5/source/topology.f90 -o /cn1/scratch/Git/CAMPARI_qcan/V2.X/V2.1.5/lib/x86_64/topology.o
ifx -DDISABLE_FLOAT -DLINK_XDR -DLINK_FFTW -DLINK_NETCDF -I/software/netcdf-fortran/include -I/software/netcdf-c/include -I/cn1/scratch/Git/CAMPARI_qcan/V2.X/V2.1.5/lib/x86_64 -xHOST  -c -O3 -r8 -qoverride-limits -stand f08 -fpp -I/cn1/scratch/Git/CAMPARI_qcan/V2.X/V2.1.5/lib/x86_64 /cn1/scratch/Git/CAMPARI_qcan/V2.X/V2.1.5/source/torconrot.f90 -o /cn1/scratch/Git/CAMPARI_qcan/V2.X/V2.1.5/lib/x86_64/torconrot.o
ifx -DDISABLE_FLOAT -DLINK_XDR -DLINK_FFTW -DLINK_NETCDF -I/software/netcdf-fortran/include -I/software/netcdf-c/include -I/cn1/scratch/Git/CAMPARI_qcan/V2.X/V2.1.5/lib/x86_64 -xHOST  -c -O3 -r8 -qoverride-limits -stand f08 -fpp -I/cn1/scratch/Git/CAMPARI_qcan/V2.X/V2.1.5/lib/x86_64 /cn1/scratch/Git/CAMPARI_qcan/V2.X/V2.1.5/source/torsion.f90 -o /cn1/scratch/Git/CAMPARI_qcan/V2.X/V2.1.5/lib/x86_64/torsion.o
ifx -DDISABLE_FLOAT -DLINK_XDR -DLINK_FFTW -DLINK_NETCDF -I/software/netcdf-fortran/include -I/software/netcdf-c/include -I/cn1/scratch/Git/CAMPARI_qcan/V2.X/V2.1.5/lib/x86_64 -xHOST  -c -O3 -r8 -qoverride-limits -stand f08 -fpp -I/cn1/scratch/Git/CAMPARI_qcan/V2.X/V2.1.5/lib/x86_64 /cn1/scratch/Git/CAMPARI_qcan/V2.X/V2.1.5/source/ujconrot.f90 -o /cn1/scratch/Git/CAMPARI_qcan/V2.X/V2.1.5/lib/x86_64/ujconrot.o
ifx -DDISABLE_FLOAT -DLINK_XDR -DLINK_FFTW -DLINK_NETCDF -I/software/netcdf-fortran/include -I/software/netcdf-c/include -I/cn1/scratch/Git/CAMPARI_qcan/V2.X/V2.1.5/lib/x86_64 -xHOST  -c -O3 -r8 -qoverride-limits -stand f08 -fpp -I/cn1/scratch/Git/CAMPARI_qcan/V2.X/V2.1.5/lib/x86_64 /cn1/scratch/Git/CAMPARI_qcan/V2.X/V2.1.5/source/ujsugar_pucker.f90 -o /cn1/scratch/Git/CAMPARI_qcan/V2.X/V2.1.5/lib/x86_64/ujsugar_pucker.o
ifx -DDISABLE_FLOAT -DLINK_XDR -DLINK_FFTW -DLINK_NETCDF -I/software/netcdf-fortran/include -I/software/netcdf-c/include -I/cn1/scratch/Git/CAMPARI_qcan/V2.X/V2.1.5/lib/x86_64 -xHOST  -c -O3 -r8 -qoverride-limits -stand f08 -fpp -I/cn1/scratch/Git/CAMPARI_qcan/V2.X/V2.1.5/lib/x86_64 /cn1/scratch/Git/CAMPARI_qcan/V2.X/V2.1.5/source/unbond.f90 -o /cn1/scratch/Git/CAMPARI_qcan/V2.X/V2.1.5/lib/x86_64/unbond.o
ifx -DDISABLE_FLOAT -DLINK_XDR -DLINK_FFTW -DLINK_NETCDF -I/software/netcdf-fortran/include -I/software/netcdf-c/include -I/cn1/scratch/Git/CAMPARI_qcan/V2.X/V2.1.5/lib/x86_64 -xHOST  -c -O3 -r8 -qoverride-limits -stand f08 -fpp -I/cn1/scratch/Git/CAMPARI_qcan/V2.X/V2.1.5/lib/x86_64 /cn1/scratch/Git/CAMPARI_qcan/V2.X/V2.1.5/source/utilities.f90 -o /cn1/scratch/Git/CAMPARI_qcan/V2.X/V2.1.5/lib/x86_64/utilities.o
ifx -DDISABLE_FLOAT -DLINK_XDR -DLINK_FFTW -DLINK_NETCDF -I/software/netcdf-fortran/include -I/software/netcdf-c/include -I/cn1/scratch/Git/CAMPARI_qcan/V2.X/V2.1.5/lib/x86_64 -xHOST  -c -O3 -r8 -qoverride-limits -stand f08 -fpp -I/cn1/scratch/Git/CAMPARI_qcan/V2.X/V2.1.5/lib/x86_64 /cn1/scratch/Git/CAMPARI_qcan/V2.X/V2.1.5/source/wanglandau.f90 -o /cn1/scratch/Git/CAMPARI_qcan/V2.X/V2.1.5/lib/x86_64/wanglandau.o
ar -rclvs /cn1/scratch/Git/CAMPARI_qcan/V2.X/V2.1.5/lib/x86_64/lcampari.a /cn1/scratch/Git/CAMPARI_qcan/V2.X/V2.1.5/lib/x86_64/accept.o /cn1/scratch/Git/CAMPARI_qcan/V2.X/V2.1.5/lib/x86_64/aminos.o /cn1/scratch/Git/CAMPARI_qcan/V2.X/V2.1.5/lib/x86_64/atoms.o /cn1/scratch/Git/CAMPARI_qcan/V2.X/V2.1.5/lib/x86_64/clusters.o /cn1/scratch/Git/CAMPARI_qcan/V2.X/V2.1.5/lib/x86_64/commline.o /cn1/scratch/Git/CAMPARI_qcan/V2.X/V2.1.5/lib/x86_64/contacts.o /cn1/scratch/Git/CAMPARI_qcan/V2.X/V2.1.5/lib/x86_64/cutoffs.o /cn1/scratch/Git/CAMPARI_qcan/V2.X/V2.1.5/lib/x86_64/diffrac.o /cn1/scratch/Git/CAMPARI_qcan/V2.X/V2.1.5/lib/x86_64/dipolavg.o /cn1/scratch/Git/CAMPARI_qcan/V2.X/V2.1.5/lib/x86_64/distrest.o /cn1/scratch/Git/CAMPARI_qcan/V2.X/V2.1.5/lib/x86_64/dssps.o /cn1/scratch/Git/CAMPARI_qcan/V2.X/V2.1.5/lib/x86_64/ems.o /cn1/scratch/Git/CAMPARI_qcan/V2.X/V2.1.5/lib/x86_64/energies.o /cn1/scratch/Git/CAMPARI_qcan/V2.X/V2.1.5/lib/x86_64/ewalds.o /cn1/scratch/Git/CAMPARI_qcan/V2.X/V2.1.5/lib/x86_64/forces.o /cn1/scratch/Git/CAMPARI_qcan/V2.X/V2.1.5/lib/x86_64/fos.o /cn1/scratch/Git/CAMPARI_qcan/V2.X/V2.1.5/lib/x86_64/fyoc.o /cn1/scratch/Git/CAMPARI_qcan/V2.X/V2.1.5/lib/x86_64/grandensembles.o /cn1/scratch/Git/CAMPARI_qcan/V2.X/V2.1.5/lib/x86_64/grids.o /cn1/scratch/Git/CAMPARI_qcan/V2.X/V2.1.5/lib/x86_64/inter.o /cn1/scratch/Git/CAMPARI_qcan/V2.X/V2.1.5/lib/x86_64/interfaces.o /cn1/scratch/Git/CAMPARI_qcan/V2.X/V2.1.5/lib/x86_64/ionize.o /cn1/scratch/Git/CAMPARI_qcan/V2.X/V2.1.5/lib/x86_64/iounit.o /cn1/scratch/Git/CAMPARI_qcan/V2.X/V2.1.5/lib/x86_64/keys.o /cn1/scratch/Git/CAMPARI_qcan/V2.X/V2.1.5/lib/x86_64/martin_own.o /cn1/scratch/Git/CAMPARI_qcan/V2.X/V2.1.5/lib/x86_64/math.o /cn1/scratch/Git/CAMPARI_qcan/V2.X/V2.1.5/lib/x86_64/mcgrid.o /cn1/scratch/Git/CAMPARI_qcan/V2.X/V2.1.5/lib/x86_64/mcsums.o /cn1/scratch/Git/CAMPARI_qcan/V2.X/V2.1.5/lib/x86_64/mini.o /cn1/scratch/Git/CAMPARI_qcan/V2.X/V2.1.5/lib/x86_64/molecule.o /cn1/scratch/Git/CAMPARI_qcan/V2.X/V2.1.5/lib/x86_64/movesets.o /cn1/scratch/Git/CAMPARI_qcan/V2.X/V2.1.5/lib/x86_64/mpistuff.o /cn1/scratch/Git/CAMPARI_qcan/V2.X/V2.1.5/lib/x86_64/paircorr.o /cn1/scratch/Git/CAMPARI_qcan/V2.X/V2.1.5/lib/x86_64/params.o /cn1/scratch/Git/CAMPARI_qcan/V2.X/V2.1.5/lib/x86_64/pdb.o /cn1/scratch/Git/CAMPARI_qcan/V2.X/V2.1.5/lib/x86_64/polyavg.o /cn1/scratch/Git/CAMPARI_qcan/V2.X/V2.1.5/lib/x86_64/polypep.o /cn1/scratch/Git/CAMPARI_qcan/V2.X/V2.1.5/lib/x86_64/sequen.o /cn1/scratch/Git/CAMPARI_qcan/V2.X/V2.1.5/lib/x86_64/shakeetal.o /cn1/scratch/Git/CAMPARI_qcan/V2.X/V2.1.5/lib/x86_64/system.o /cn1/scratch/Git/CAMPARI_qcan/V2.X/V2.1.5/lib/x86_64/tabpot.o /cn1/scratch/Git/CAMPARI_qcan/V2.X/V2.1.5/lib/x86_64/threads.o /cn1/scratch/Git/CAMPARI_qcan/V2.X/V2.1.5/lib/x86_64/torsn.o /cn1/scratch/Git/CAMPARI_qcan/V2.X/V2.1.5/lib/x86_64/ujglobals.o /cn1/scratch/Git/CAMPARI_qcan/V2.X/V2.1.5/lib/x86_64/units.o /cn1/scratch/Git/CAMPARI_qcan/V2.X/V2.1.5/lib/x86_64/wl.o /cn1/scratch/Git/CAMPARI_qcan/V2.X/V2.1.5/lib/x86_64/zmatrix.o /cn1/scratch/Git/CAMPARI_qcan/V2.X/V2.1.5/lib/x86_64/accsim.o /cn1/scratch/Git/CAMPARI_qcan/V2.X/V2.1.5/lib/x86_64/allocate.o /cn1/scratch/Git/CAMPARI_qcan/V2.X/V2.1.5/lib/x86_64/assignprm.o /cn1/scratch/Git/CAMPARI_qcan/V2.X/V2.1.5/lib/x86_64/backup.o /cn1/scratch/Git/CAMPARI_qcan/V2.X/V2.1.5/lib/x86_64/boundary.o /cn1/scratch/Git/CAMPARI_qcan/V2.X/V2.1.5/lib/x86_64/cartld.o /cn1/scratch/Git/CAMPARI_qcan/V2.X/V2.1.5/lib/x86_64/cartmd.o /cn1/scratch/Git/CAMPARI_qcan/V2.X/V2.1.5/lib/x86_64/chainsaw.o /cn1/scratch/Git/CAMPARI_qcan/V2.X/V2.1.5/lib/x86_64/clustering.o /cn1/scratch/Git/CAMPARI_qcan/V2.X/V2.1.5/lib/x86_64/clustering_utils.o /cn1/scratch/Git/CAMPARI_qcan/V2.X/V2.1.5/lib/x86_64/conrot.o /cn1/scratch/Git/CAMPARI_qcan/V2.X/V2.1.5/lib/x86_64/constraint_solvers.o /cn1/scratch/Git/CAMPARI_qcan/V2.X/V2.1.5/lib/x86_64/dssp.o /cn1/scratch/Git/CAMPARI_qcan/V2.X/V2.1.5/lib/x86_64/emicroscopy.o /cn1/scratch/Git/CAMPARI_qcan/V2.X/V2.1.5/lib/x86_64/energy.o /cn1/scratch/Git/CAMPARI_qcan/V2.X/V2.1.5/lib/x86_64/energy_wrap.o /cn1/scratch/Git/CAMPARI_qcan/V2.X/V2.1.5/lib/x86_64/ensemble.o /cn1/scratch/Git/CAMPARI_qcan/V2.X/V2.1.5/lib/x86_64/ewald.o /cn1/scratch/Git/CAMPARI_qcan/V2.X/V2.1.5/lib/x86_64/flow.o /cn1/scratch/Git/CAMPARI_qcan/V2.X/V2.1.5/lib/x86_64/fmcscgrid.o /cn1/scratch/Git/CAMPARI_qcan/V2.X/V2.1.5/lib/x86_64/fmsmcmpi.o /cn1/scratch/Git/CAMPARI_qcan/V2.X/V2.1.5/lib/x86_64/force.o /cn1/scratch/Git/CAMPARI_qcan/V2.X/V2.1.5/lib/x86_64/force_wrap.o /cn1/scratch/Git/CAMPARI_qcan/V2.X/V2.1.5/lib/x86_64/fyczmat.o /cn1/scratch/Git/CAMPARI_qcan/V2.X/V2.1.5/lib/x86_64/getkey.o /cn1/scratch/Git/CAMPARI_qcan/V2.X/V2.1.5/lib/x86_64/graph_algorithms.o /cn1/scratch/Git/CAMPARI_qcan/V2.X/V2.1.5/lib/x86_64/holes.o /cn1/scratch/Git/CAMPARI_qcan/V2.X/V2.1.5/lib/x86_64/initial.o /cn1/scratch/Git/CAMPARI_qcan/V2.X/V2.1.5/lib/x86_64/inner_loops.o /cn1/scratch/Git/CAMPARI_qcan/V2.X/V2.1.5/lib/x86_64/inner_loops_en.o /cn1/scratch/Git/CAMPARI_qcan/V2.X/V2.1.5/lib/x86_64/inner_loops_imp.o /cn1/scratch/Git/CAMPARI_qcan/V2.X/V2.1.5/lib/x86_64/intmd.o /cn1/scratch/Git/CAMPARI_qcan/V2.X/V2.1.5/lib/x86_64/intld.o /cn1/scratch/Git/CAMPARI_qcan/V2.X/V2.1.5/lib/x86_64/makeio.o /cn1/scratch/Git/CAMPARI_qcan/V2.X/V2.1.5/lib/x86_64/makepept.o /cn1/scratch/Git/CAMPARI_qcan/V2.X/V2.1.5/lib/x86_64/math_utils.o /cn1/scratch/Git/CAMPARI_qcan/V2.X/V2.1.5/lib/x86_64/mcmove.o /cn1/scratch/Git/CAMPARI_qcan/V2.X/V2.1.5/lib/x86_64/mcstat.o /cn1/scratch/Git/CAMPARI_qcan/V2.X/V2.1.5/lib/x86_64/minimize.o /cn1/scratch/Git/CAMPARI_qcan/V2.X/V2.1.5/lib/x86_64/nucconrot.o /cn1/scratch/Git/CAMPARI_qcan/V2.X/V2.1.5/lib/x86_64/parsefiles.o /cn1/scratch/Git/CAMPARI_qcan/V2.X/V2.1.5/lib/x86_64/parsekey.o /cn1/scratch/Git/CAMPARI_qcan/V2.X/V2.1.5/lib/x86_64/particlefluctuation.o /cn1/scratch/Git/CAMPARI_qcan/V2.X/V2.1.5/lib/x86_64/polar.o /cn1/scratch/Git/CAMPARI_qcan/V2.X/V2.1.5/lib/x86_64/polymer.o /cn1/scratch/Git/CAMPARI_qcan/V2.X/V2.1.5/lib/x86_64/proteus.o /cn1/scratch/Git/CAMPARI_qcan/V2.X/V2.1.5/lib/x86_64/prtpdb.o /cn1/scratch/Git/CAMPARI_qcan/V2.X/V2.1.5/lib/x86_64/readfyc.o /cn1/scratch/Git/CAMPARI_qcan/V2.X/V2.1.5/lib/x86_64/readgrid.o /cn1/scratch/Git/CAMPARI_qcan/V2.X/V2.1.5/lib/x86_64/readpdb.o /cn1/scratch/Git/CAMPARI_qcan/V2.X/V2.1.5/lib/x86_64/readprm.o /cn1/scratch/Git/CAMPARI_qcan/V2.X/V2.1.5/lib/x86_64/restart.o /cn1/scratch/Git/CAMPARI_qcan/V2.X/V2.1.5/lib/x86_64/rigidmoves.o /cn1/scratch/Git/CAMPARI_qcan/V2.X/V2.1.5/lib/x86_64/sanity_checks.o /cn1/scratch/Git/CAMPARI_qcan/V2.X/V2.1.5/lib/x86_64/sav.o /cn1/scratch/Git/CAMPARI_qcan/V2.X/V2.1.5/lib/x86_64/sav_auxil.o /cn1/scratch/Git/CAMPARI_qcan/V2.X/V2.1.5/lib/x86_64/setconf.o /cn1/scratch/Git/CAMPARI_qcan/V2.X/V2.1.5/lib/x86_64/sidechain.o /cn1/scratch/Git/CAMPARI_qcan/V2.X/V2.1.5/lib/x86_64/string_utils.o /cn1/scratch/Git/CAMPARI_qcan/V2.X/V2.1.5/lib/x86_64/structure.o /cn1/scratch/Git/CAMPARI_qcan/V2.X/V2.1.5/lib/x86_64/summary.o /cn1/scratch/Git/CAMPARI_qcan/V2.X/V2.1.5/lib/x86_64/titrate.o /cn1/scratch/Git/CAMPARI_qcan/V2.X/V2.1.5/lib/x86_64/topology.o /cn1/scratch/Git/CAMPARI_qcan/V2.X/V2.1.5/lib/x86_64/torconrot.o /cn1/scratch/Git/CAMPARI_qcan/V2.X/V2.1.5/lib/x86_64/torsion.o /cn1/scratch/Git/CAMPARI_qcan/V2.X/V2.1.5/lib/x86_64/ujconrot.o /cn1/scratch/Git/CAMPARI_qcan/V2.X/V2.1.5/lib/x86_64/ujsugar_pucker.o /cn1/scratch/Git/CAMPARI_qcan/V2.X/V2.1.5/lib/x86_64/unbond.o /cn1/scratch/Git/CAMPARI_qcan/V2.X/V2.1.5/lib/x86_64/utilities.o /cn1/scratch/Git/CAMPARI_qcan/V2.X/V2.1.5/lib/x86_64/wanglandau.o
a - /cn1/scratch/Git/CAMPARI_qcan/V2.X/V2.1.5/lib/x86_64/accept.o
a - /cn1/scratch/Git/CAMPARI_qcan/V2.X/V2.1.5/lib/x86_64/aminos.o
a - /cn1/scratch/Git/CAMPARI_qcan/V2.X/V2.1.5/lib/x86_64/atoms.o
a - /cn1/scratch/Git/CAMPARI_qcan/V2.X/V2.1.5/lib/x86_64/clusters.o
a - /cn1/scratch/Git/CAMPARI_qcan/V2.X/V2.1.5/lib/x86_64/commline.o
a - /cn1/scratch/Git/CAMPARI_qcan/V2.X/V2.1.5/lib/x86_64/contacts.o
a - /cn1/scratch/Git/CAMPARI_qcan/V2.X/V2.1.5/lib/x86_64/cutoffs.o
a - /cn1/scratch/Git/CAMPARI_qcan/V2.X/V2.1.5/lib/x86_64/diffrac.o
a - /cn1/scratch/Git/CAMPARI_qcan/V2.X/V2.1.5/lib/x86_64/dipolavg.o
a - /cn1/scratch/Git/CAMPARI_qcan/V2.X/V2.1.5/lib/x86_64/distrest.o
a - /cn1/scratch/Git/CAMPARI_qcan/V2.X/V2.1.5/lib/x86_64/dssps.o
a - /cn1/scratch/Git/CAMPARI_qcan/V2.X/V2.1.5/lib/x86_64/ems.o
a - /cn1/scratch/Git/CAMPARI_qcan/V2.X/V2.1.5/lib/x86_64/energies.o
a - /cn1/scratch/Git/CAMPARI_qcan/V2.X/V2.1.5/lib/x86_64/ewalds.o
a - /cn1/scratch/Git/CAMPARI_qcan/V2.X/V2.1.5/lib/x86_64/forces.o
a - /cn1/scratch/Git/CAMPARI_qcan/V2.X/V2.1.5/lib/x86_64/fos.o
a - /cn1/scratch/Git/CAMPARI_qcan/V2.X/V2.1.5/lib/x86_64/fyoc.o
a - /cn1/scratch/Git/CAMPARI_qcan/V2.X/V2.1.5/lib/x86_64/grandensembles.o
a - /cn1/scratch/Git/CAMPARI_qcan/V2.X/V2.1.5/lib/x86_64/grids.o
a - /cn1/scratch/Git/CAMPARI_qcan/V2.X/V2.1.5/lib/x86_64/inter.o
a - /cn1/scratch/Git/CAMPARI_qcan/V2.X/V2.1.5/lib/x86_64/interfaces.o
a - /cn1/scratch/Git/CAMPARI_qcan/V2.X/V2.1.5/lib/x86_64/ionize.o
a - /cn1/scratch/Git/CAMPARI_qcan/V2.X/V2.1.5/lib/x86_64/iounit.o
a - /cn1/scratch/Git/CAMPARI_qcan/V2.X/V2.1.5/lib/x86_64/keys.o
a - /cn1/scratch/Git/CAMPARI_qcan/V2.X/V2.1.5/lib/x86_64/martin_own.o
a - /cn1/scratch/Git/CAMPARI_qcan/V2.X/V2.1.5/lib/x86_64/math.o
a - /cn1/scratch/Git/CAMPARI_qcan/V2.X/V2.1.5/lib/x86_64/mcgrid.o
a - /cn1/scratch/Git/CAMPARI_qcan/V2.X/V2.1.5/lib/x86_64/mcsums.o
a - /cn1/scratch/Git/CAMPARI_qcan/V2.X/V2.1.5/lib/x86_64/mini.o
a - /cn1/scratch/Git/CAMPARI_qcan/V2.X/V2.1.5/lib/x86_64/molecule.o
a - /cn1/scratch/Git/CAMPARI_qcan/V2.X/V2.1.5/lib/x86_64/movesets.o
a - /cn1/scratch/Git/CAMPARI_qcan/V2.X/V2.1.5/lib/x86_64/mpistuff.o
a - /cn1/scratch/Git/CAMPARI_qcan/V2.X/V2.1.5/lib/x86_64/paircorr.o
a - /cn1/scratch/Git/CAMPARI_qcan/V2.X/V2.1.5/lib/x86_64/params.o
a - /cn1/scratch/Git/CAMPARI_qcan/V2.X/V2.1.5/lib/x86_64/pdb.o
a - /cn1/scratch/Git/CAMPARI_qcan/V2.X/V2.1.5/lib/x86_64/polyavg.o
a - /cn1/scratch/Git/CAMPARI_qcan/V2.X/V2.1.5/lib/x86_64/polypep.o
a - /cn1/scratch/Git/CAMPARI_qcan/V2.X/V2.1.5/lib/x86_64/sequen.o
a - /cn1/scratch/Git/CAMPARI_qcan/V2.X/V2.1.5/lib/x86_64/shakeetal.o
a - /cn1/scratch/Git/CAMPARI_qcan/V2.X/V2.1.5/lib/x86_64/system.o
a - /cn1/scratch/Git/CAMPARI_qcan/V2.X/V2.1.5/lib/x86_64/tabpot.o
a - /cn1/scratch/Git/CAMPARI_qcan/V2.X/V2.1.5/lib/x86_64/threads.o
a - /cn1/scratch/Git/CAMPARI_qcan/V2.X/V2.1.5/lib/x86_64/torsn.o
a - /cn1/scratch/Git/CAMPARI_qcan/V2.X/V2.1.5/lib/x86_64/ujglobals.o
a - /cn1/scratch/Git/CAMPARI_qcan/V2.X/V2.1.5/lib/x86_64/units.o
a - /cn1/scratch/Git/CAMPARI_qcan/V2.X/V2.1.5/lib/x86_64/wl.o
a - /cn1/scratch/Git/CAMPARI_qcan/V2.X/V2.1.5/lib/x86_64/zmatrix.o
a - /cn1/scratch/Git/CAMPARI_qcan/V2.X/V2.1.5/lib/x86_64/accsim.o
a - /cn1/scratch/Git/CAMPARI_qcan/V2.X/V2.1.5/lib/x86_64/allocate.o
a - /cn1/scratch/Git/CAMPARI_qcan/V2.X/V2.1.5/lib/x86_64/assignprm.o
a - /cn1/scratch/Git/CAMPARI_qcan/V2.X/V2.1.5/lib/x86_64/backup.o
a - /cn1/scratch/Git/CAMPARI_qcan/V2.X/V2.1.5/lib/x86_64/boundary.o
a - /cn1/scratch/Git/CAMPARI_qcan/V2.X/V2.1.5/lib/x86_64/cartld.o
a - /cn1/scratch/Git/CAMPARI_qcan/V2.X/V2.1.5/lib/x86_64/cartmd.o
a - /cn1/scratch/Git/CAMPARI_qcan/V2.X/V2.1.5/lib/x86_64/chainsaw.o
a - /cn1/scratch/Git/CAMPARI_qcan/V2.X/V2.1.5/lib/x86_64/clustering.o
a - /cn1/scratch/Git/CAMPARI_qcan/V2.X/V2.1.5/lib/x86_64/clustering_utils.o
a - /cn1/scratch/Git/CAMPARI_qcan/V2.X/V2.1.5/lib/x86_64/conrot.o
a - /cn1/scratch/Git/CAMPARI_qcan/V2.X/V2.1.5/lib/x86_64/constraint_solvers.o
a - /cn1/scratch/Git/CAMPARI_qcan/V2.X/V2.1.5/lib/x86_64/dssp.o
a - /cn1/scratch/Git/CAMPARI_qcan/V2.X/V2.1.5/lib/x86_64/emicroscopy.o
a - /cn1/scratch/Git/CAMPARI_qcan/V2.X/V2.1.5/lib/x86_64/energy.o
a - /cn1/scratch/Git/CAMPARI_qcan/V2.X/V2.1.5/lib/x86_64/energy_wrap.o
a - /cn1/scratch/Git/CAMPARI_qcan/V2.X/V2.1.5/lib/x86_64/ensemble.o
a - /cn1/scratch/Git/CAMPARI_qcan/V2.X/V2.1.5/lib/x86_64/ewald.o
a - /cn1/scratch/Git/CAMPARI_qcan/V2.X/V2.1.5/lib/x86_64/flow.o
a - /cn1/scratch/Git/CAMPARI_qcan/V2.X/V2.1.5/lib/x86_64/fmcscgrid.o
a - /cn1/scratch/Git/CAMPARI_qcan/V2.X/V2.1.5/lib/x86_64/fmsmcmpi.o
a - /cn1/scratch/Git/CAMPARI_qcan/V2.X/V2.1.5/lib/x86_64/force.o
a - /cn1/scratch/Git/CAMPARI_qcan/V2.X/V2.1.5/lib/x86_64/force_wrap.o
a - /cn1/scratch/Git/CAMPARI_qcan/V2.X/V2.1.5/lib/x86_64/fyczmat.o
a - /cn1/scratch/Git/CAMPARI_qcan/V2.X/V2.1.5/lib/x86_64/getkey.o
a - /cn1/scratch/Git/CAMPARI_qcan/V2.X/V2.1.5/lib/x86_64/graph_algorithms.o
a - /cn1/scratch/Git/CAMPARI_qcan/V2.X/V2.1.5/lib/x86_64/holes.o
a - /cn1/scratch/Git/CAMPARI_qcan/V2.X/V2.1.5/lib/x86_64/initial.o
a - /cn1/scratch/Git/CAMPARI_qcan/V2.X/V2.1.5/lib/x86_64/inner_loops.o
a - /cn1/scratch/Git/CAMPARI_qcan/V2.X/V2.1.5/lib/x86_64/inner_loops_en.o
a - /cn1/scratch/Git/CAMPARI_qcan/V2.X/V2.1.5/lib/x86_64/inner_loops_imp.o
a - /cn1/scratch/Git/CAMPARI_qcan/V2.X/V2.1.5/lib/x86_64/intmd.o
a - /cn1/scratch/Git/CAMPARI_qcan/V2.X/V2.1.5/lib/x86_64/intld.o
a - /cn1/scratch/Git/CAMPARI_qcan/V2.X/V2.1.5/lib/x86_64/makeio.o
a - /cn1/scratch/Git/CAMPARI_qcan/V2.X/V2.1.5/lib/x86_64/makepept.o
a - /cn1/scratch/Git/CAMPARI_qcan/V2.X/V2.1.5/lib/x86_64/math_utils.o
a - /cn1/scratch/Git/CAMPARI_qcan/V2.X/V2.1.5/lib/x86_64/mcmove.o
a - /cn1/scratch/Git/CAMPARI_qcan/V2.X/V2.1.5/lib/x86_64/mcstat.o
a - /cn1/scratch/Git/CAMPARI_qcan/V2.X/V2.1.5/lib/x86_64/minimize.o
a - /cn1/scratch/Git/CAMPARI_qcan/V2.X/V2.1.5/lib/x86_64/nucconrot.o
a - /cn1/scratch/Git/CAMPARI_qcan/V2.X/V2.1.5/lib/x86_64/parsefiles.o
a - /cn1/scratch/Git/CAMPARI_qcan/V2.X/V2.1.5/lib/x86_64/parsekey.o
a - /cn1/scratch/Git/CAMPARI_qcan/V2.X/V2.1.5/lib/x86_64/particlefluctuation.o
a - /cn1/scratch/Git/CAMPARI_qcan/V2.X/V2.1.5/lib/x86_64/polar.o
a - /cn1/scratch/Git/CAMPARI_qcan/V2.X/V2.1.5/lib/x86_64/polymer.o
a - /cn1/scratch/Git/CAMPARI_qcan/V2.X/V2.1.5/lib/x86_64/proteus.o
a - /cn1/scratch/Git/CAMPARI_qcan/V2.X/V2.1.5/lib/x86_64/prtpdb.o
a - /cn1/scratch/Git/CAMPARI_qcan/V2.X/V2.1.5/lib/x86_64/readfyc.o
a - /cn1/scratch/Git/CAMPARI_qcan/V2.X/V2.1.5/lib/x86_64/readgrid.o
a - /cn1/scratch/Git/CAMPARI_qcan/V2.X/V2.1.5/lib/x86_64/readpdb.o
a - /cn1/scratch/Git/CAMPARI_qcan/V2.X/V2.1.5/lib/x86_64/readprm.o
a - /cn1/scratch/Git/CAMPARI_qcan/V2.X/V2.1.5/lib/x86_64/restart.o
a - /cn1/scratch/Git/CAMPARI_qcan/V2.X/V2.1.5/lib/x86_64/rigidmoves.o
a - /cn1/scratch/Git/CAMPARI_qcan/V2.X/V2.1.5/lib/x86_64/sanity_checks.o
a - /cn1/scratch/Git/CAMPARI_qcan/V2.X/V2.1.5/lib/x86_64/sav.o
a - /cn1/scratch/Git/CAMPARI_qcan/V2.X/V2.1.5/lib/x86_64/sav_auxil.o
a - /cn1/scratch/Git/CAMPARI_qcan/V2.X/V2.1.5/lib/x86_64/setconf.o
a - /cn1/scratch/Git/CAMPARI_qcan/V2.X/V2.1.5/lib/x86_64/sidechain.o
a - /cn1/scratch/Git/CAMPARI_qcan/V2.X/V2.1.5/lib/x86_64/string_utils.o
a - /cn1/scratch/Git/CAMPARI_qcan/V2.X/V2.1.5/lib/x86_64/structure.o
a - /cn1/scratch/Git/CAMPARI_qcan/V2.X/V2.1.5/lib/x86_64/summary.o
a - /cn1/scratch/Git/CAMPARI_qcan/V2.X/V2.1.5/lib/x86_64/titrate.o
a - /cn1/scratch/Git/CAMPARI_qcan/V2.X/V2.1.5/lib/x86_64/topology.o
a - /cn1/scratch/Git/CAMPARI_qcan/V2.X/V2.1.5/lib/x86_64/torconrot.o
a - /cn1/scratch/Git/CAMPARI_qcan/V2.X/V2.1.5/lib/x86_64/torsion.o
a - /cn1/scratch/Git/CAMPARI_qcan/V2.X/V2.1.5/lib/x86_64/ujconrot.o
a - /cn1/scratch/Git/CAMPARI_qcan/V2.X/V2.1.5/lib/x86_64/ujsugar_pucker.o
a - /cn1/scratch/Git/CAMPARI_qcan/V2.X/V2.1.5/lib/x86_64/unbond.o
a - /cn1/scratch/Git/CAMPARI_qcan/V2.X/V2.1.5/lib/x86_64/utilities.o
a - /cn1/scratch/Git/CAMPARI_qcan/V2.X/V2.1.5/lib/x86_64/wanglandau.o
ifx  -o /cn1/scratch/Git/CAMPARI_qcan/V2.X/V2.1.5/bin/x86_64/campari /cn1/scratch/Git/CAMPARI_qcan/V2.X/V2.1.5/lib/x86_64/chainsaw.o /cn1/scratch/Git/CAMPARI_qcan/V2.X/V2.1.5/lib/x86_64/lcampari.a /software/xdr/libxdrf.a /software/fftw3/lib/libfftw3.a /software/netcdf-fortran/lib/libnetcdff.a /software/netcdf-c/lib/libnetcdf.a -L/software/hdf5/lib -lhdf5_hl -lhdf5 -lsvml -ltirpc -lcurl -lmpi -lxml2
